C51 COMPILER V9.60.7.0   TIME                                                              09/20/2024 08:58:15 PAGE 1   


C51 COMPILER V9.60.7.0, COMPILATION OF MODULE TIME
OBJECT MODULE PLACED IN .\Objects\time.obj
COMPILER INVOKED BY: E:\keil\C51\BIN\C51.EXE time.c OPTIMIZE(8,SPEED) BROWSE DEBUG OBJECTEXTEND PRINT(.\Listings\time.ls
                    -t) TABS(2) OBJECT(.\Objects\time.obj)

line level    source

   1          #include"time.h"
   2          void time( int ms) {
   3   1      int i=2 ,j=239;
   4   1          while(ms){
   5   2              do{
   6   3                  do{
   7   4      
   8   4                  }while(--j);
   9   3              }while(--i); 
  10   2              ms--;
  11   2          }
  12   1      } 
  13          
  14          


MODULE INFORMATION:   STATIC OVERLAYABLE
   CODE SIZE        =     38    ----
   CONSTANT SIZE    =   ----    ----
   XDATA SIZE       =   ----    ----
   PDATA SIZE       =   ----    ----
   DATA SIZE        =   ----    ----
   IDATA SIZE       =   ----    ----
   BIT SIZE         =   ----    ----
END OF MODULE INFORMATION.


C51 COMPILATION COMPLETE.  0 WARNING(S),  0 ERROR(S)
